<?php return array (
  0 => 'Symfony\\Bundle\\FrameworkBundle\\Controller\\AbstractController',
  1 => 'Contao\\CoreBundle\\Controller\\AbstractBackendController',
  2 => 'Contao\\CoreBundle\\Controller\\AbstractController',
  3 => 'Contao\\CoreBundle\\Controller\\AbstractFragmentController',
  4 => 'Contao\\CoreBundle\\Controller\\BackendController',
  5 => 'Contao\\CoreBundle\\Controller\\BackendCsvImportController',
  6 => 'Contao\\CoreBundle\\Controller\\BackendPreviewController',
  7 => 'Contao\\CoreBundle\\Controller\\BackendPreviewSwitchController',
  8 => 'Contao\\CoreBundle\\Controller\\CaptchaController',
  9 => 'Contao\\CoreBundle\\Controller\\ContentElement\\AbstractContentElementController',
  10 => 'Contao\\CoreBundle\\Controller\\ContentElement\\AbstractDownloadContentElementController',
  11 => 'Contao\\CoreBundle\\Controller\\ContentElement\\AccordionController',
  12 => 'Contao\\CoreBundle\\Controller\\ContentElement\\CodeController',
  13 => 'Contao\\CoreBundle\\Controller\\ContentElement\\DescriptionListController',
  14 => 'Contao\\CoreBundle\\Controller\\ContentElement\\DownloadsController',
  15 => 'Contao\\CoreBundle\\Controller\\ContentElement\\ElementGroupController',
  16 => 'Contao\\CoreBundle\\Controller\\ContentElement\\HeadlineController',
  17 => 'Contao\\CoreBundle\\Controller\\ContentElement\\HtmlController',
  18 => 'Contao\\CoreBundle\\Controller\\ContentElement\\HyperlinkController',
  19 => 'Contao\\CoreBundle\\Controller\\ContentElement\\ImagesController',
  20 => 'Contao\\CoreBundle\\Controller\\ContentElement\\ListController',
  21 => 'Contao\\CoreBundle\\Controller\\ContentElement\\MarkdownController',
  22 => 'Contao\\CoreBundle\\Controller\\ContentElement\\PlayerController',
  23 => 'Contao\\CoreBundle\\Controller\\ContentElement\\SwiperController',
  24 => 'Contao\\CoreBundle\\Controller\\ContentElement\\TableController',
  25 => 'Contao\\CoreBundle\\Controller\\ContentElement\\TeaserController',
  26 => 'Contao\\CoreBundle\\Controller\\ContentElement\\TemplateController',
  27 => 'Contao\\CoreBundle\\Controller\\ContentElement\\TextController',
  28 => 'Contao\\CoreBundle\\Controller\\ContentElement\\ToplinkController',
  29 => 'Contao\\CoreBundle\\Controller\\ContentElement\\UnfilteredHtmlController',
  30 => 'Contao\\CoreBundle\\Controller\\ContentElement\\VideoController',
  31 => 'Contao\\CoreBundle\\Controller\\CspReporterController',
  32 => 'Contao\\CoreBundle\\Controller\\FaviconController',
  33 => 'Contao\\CoreBundle\\Controller\\FrontendController',
  34 => 'Contao\\CoreBundle\\Controller\\FrontendModule\\AbstractFrontendModuleController',
  35 => 'Contao\\CoreBundle\\Controller\\FrontendModule\\FeedReaderController',
  36 => 'Contao\\CoreBundle\\Controller\\FrontendModule\\RootPageDependentModulesController',
  37 => 'Contao\\CoreBundle\\Controller\\FrontendModule\\TemplateController',
  38 => 'Contao\\CoreBundle\\Controller\\FrontendModule\\TwoFactorController',
  39 => 'Contao\\CoreBundle\\Controller\\FrontendModule\\UnfilteredHtmlController',
  40 => 'Contao\\CoreBundle\\Controller\\ImagesController',
  41 => 'Contao\\CoreBundle\\Controller\\InsertTagsController',
  42 => 'Contao\\CoreBundle\\Controller\\Page\\ErrorPageController',
  43 => 'Contao\\CoreBundle\\Controller\\Page\\RedirectPageController',
  44 => 'Contao\\CoreBundle\\Controller\\Page\\RootPageController',
  45 => 'Contao\\CoreBundle\\Controller\\PreviewLinkController',
  46 => 'Contao\\CoreBundle\\Controller\\RedirectController',
  47 => 'Contao\\CoreBundle\\Controller\\RobotsTxtController',
  48 => 'Contao\\CoreBundle\\Controller\\SitemapController',
  49 => 'Contao\\CoreBundle\\Entity\\CrawlQueue',
  50 => 'Contao\\CoreBundle\\Entity\\CronJob',
  51 => 'Contao\\CoreBundle\\Entity\\TrustedDevice',
  52 => 'Contao\\ManagerBundle\\Controller\\DebugController',
  53 => 'Contao\\NewsBundle\\Controller\\Page\\NewsFeedController',
  54 => 'Doctrine\\Bundle\\DoctrineBundle\\Controller\\ProfilerController',
  55 => 'Doctrine\\ORM\\Cache\\Persister\\Entity\\AbstractEntityPersister',
  56 => 'Doctrine\\ORM\\Cache\\Persister\\Entity\\CachedEntityPersister',
  57 => 'Doctrine\\ORM\\Cache\\Persister\\Entity\\NonStrictReadWriteCachedEntityPersister',
  58 => 'Doctrine\\ORM\\Cache\\Persister\\Entity\\ReadOnlyCachedEntityPersister',
  59 => 'Doctrine\\ORM\\Cache\\Persister\\Entity\\ReadWriteCachedEntityPersister',
  60 => 'Doctrine\\ORM\\Persisters\\Entity\\AbstractEntityInheritancePersister',
  61 => 'Doctrine\\ORM\\Persisters\\Entity\\BasicEntityPersister',
  62 => 'Doctrine\\ORM\\Persisters\\Entity\\CachedPersisterContext',
  63 => 'Doctrine\\ORM\\Persisters\\Entity\\EntityPersister',
  64 => 'Doctrine\\ORM\\Persisters\\Entity\\JoinedSubclassPersister',
  65 => 'Doctrine\\ORM\\Persisters\\Entity\\SingleTablePersister',
  66 => 'Nelmio\\SecurityBundle\\Controller\\ContentSecurityPolicyController',
  67 => 'Scheb\\TwoFactorBundle\\Controller\\FormController',
  69 => 'Symfony\\Bundle\\FrameworkBundle\\Controller\\ControllerResolver',
  70 => 'Symfony\\Bundle\\FrameworkBundle\\Controller\\RedirectController',
  71 => 'Symfony\\Bundle\\FrameworkBundle\\Controller\\TemplateController',
  72 => 'Symfony\\Bundle\\WebProfilerBundle\\Controller\\ExceptionPanelController',
  73 => 'Symfony\\Bundle\\WebProfilerBundle\\Controller\\ProfilerController',
  74 => 'Symfony\\Bundle\\WebProfilerBundle\\Controller\\RouterController',
  75 => 'Symfony\\Cmf\\Bundle\\RoutingBundle\\Controller\\RedirectController',
  76 => 'Symfony\\Component\\HttpKernel\\Controller\\ArgumentResolver',
  77 => 'Symfony\\Component\\HttpKernel\\Controller\\ArgumentResolverInterface',
  78 => 'Symfony\\Component\\HttpKernel\\Controller\\ArgumentResolver\\BackedEnumValueResolver',
  79 => 'Symfony\\Component\\HttpKernel\\Controller\\ArgumentResolver\\DateTimeValueResolver',
  80 => 'Symfony\\Component\\HttpKernel\\Controller\\ArgumentResolver\\DefaultValueResolver',
  81 => 'Symfony\\Component\\HttpKernel\\Controller\\ArgumentResolver\\NotTaggedControllerValueResolver',
  82 => 'Symfony\\Component\\HttpKernel\\Controller\\ArgumentResolver\\QueryParameterValueResolver',
  83 => 'Symfony\\Component\\HttpKernel\\Controller\\ArgumentResolver\\RequestAttributeValueResolver',
  84 => 'Symfony\\Component\\HttpKernel\\Controller\\ArgumentResolver\\RequestPayloadValueResolver',
  85 => 'Symfony\\Component\\HttpKernel\\Controller\\ArgumentResolver\\RequestValueResolver',
  86 => 'Symfony\\Component\\HttpKernel\\Controller\\ArgumentResolver\\ServiceValueResolver',
  87 => 'Symfony\\Component\\HttpKernel\\Controller\\ArgumentResolver\\SessionValueResolver',
  88 => 'Symfony\\Component\\HttpKernel\\Controller\\ArgumentResolver\\TraceableValueResolver',
  89 => 'Symfony\\Component\\HttpKernel\\Controller\\ArgumentResolver\\UidValueResolver',
  90 => 'Symfony\\Component\\HttpKernel\\Controller\\ArgumentResolver\\VariadicValueResolver',
  91 => 'Symfony\\Component\\HttpKernel\\Controller\\ArgumentValueResolverInterface',
  92 => 'Symfony\\Component\\HttpKernel\\Controller\\ContainerControllerResolver',
  93 => 'Symfony\\Component\\HttpKernel\\Controller\\ControllerReference',
  94 => 'Symfony\\Component\\HttpKernel\\Controller\\ControllerResolver',
  95 => 'Symfony\\Component\\HttpKernel\\Controller\\ControllerResolverInterface',
  96 => 'Symfony\\Component\\HttpKernel\\Controller\\ErrorController',
  97 => 'Symfony\\Component\\HttpKernel\\Controller\\TraceableArgumentResolver',
  98 => 'Symfony\\Component\\HttpKernel\\Controller\\TraceableControllerResolver',
  99 => 'Symfony\\Component\\HttpKernel\\Controller\\ValueResolverInterface',
  100 => 'Symfony\\Component\\Security\\Http\\Controller\\SecurityTokenValueResolver',
  101 => 'Symfony\\Component\\Security\\Http\\Controller\\UserValueResolver',
  102 => 'Terminal42\\MultipageFormsBundle\\Controller\\FrontendModule\\StepsController',
);